Vivado Simulator v2022.2
Copyright 1986-1999, 2001-2022 Xilinx, Inc. All Rights Reserved.
Running: C:/Users/3BE3DA/addForStudies/Xilinx_Windows_Unpacked_2022_2/Xilinx_Windows_Unpacked_2022_2/Vivado/2022.2/bin/unwrapped/win64.o/xelab.exe --incr --debug typical --relax --mt 2 --maxdelay -L xil_defaultlib -L simprims_ver -L secureip --snapshot FR_LR_TOP_time_impl -transport_int_delays -pulse_r 0 -pulse_int_r 0 -pulse_e 0 -pulse_int_e 0 xil_defaultlib.FR_LR_TOP xil_defaultlib.glbl -log elaborate.log 
Using 2 slave threads.
Starting static elaboration
Pass Through NonSizing Optimizer
Completed static elaboration
Starting simulation data flow analysis
Completed simulation data flow analysis
INFO: [XSIM 43-3451] SDF backannotation process started with SDF file "FR_LR_TOP_time_impl.sdf", for root module "FR_LR_TOP".
INFO: [XSIM 43-3452] SDF backannotation was successful for SDF file "FR_LR_TOP_time_impl.sdf", for root module "FR_LR_TOP".
Time Resolution for simulation is 1ps
Compiling module simprims_ver.IBUF
Compiling module simprims_ver.BUFG
Compiling module simprims_ver.x_lut1_mux2
Compiling module simprims_ver.LUT1
Compiling module simprims_ver.FDPE_default
Compiling module simprims_ver.FDCE_default
Compiling module simprims_ver.OBUF
Compiling module simprims_ver.CARRY4
Compiling module simprims_ver.x_lut2_mux4
Compiling module simprims_ver.LUT2
Compiling module simprims_ver.LUT6
Compiling module simprims_ver.LUT5
Compiling module simprims_ver.LUT4
Compiling module xil_defaultlib.FR_DIVIDER
Compiling module simprims_ver.x_lut3_mux8
Compiling module simprims_ver.LUT3
Compiling module xil_defaultlib.M_BTN_FILTER_V10
Compiling module xil_defaultlib.M_BTN_FILTER_V10_0
Compiling module simprims_ver.MUXF7
Compiling module xil_defaultlib.FR_FSM
Compiling module xil_defaultlib.FR_DIVIDER__parameterized0
Compiling module xil_defaultlib.FR_UART
Compiling module xil_defaultlib.FR_LR_TOP
Compiling module xil_defaultlib.glbl
Built simulation snapshot FR_LR_TOP_time_impl
