
*** Running vivado
    with args -log FR_LR_TOP.vds -m64 -product Vivado -mode batch -messageDb vivado.pb -notrace -source FR_LR_TOP.tcl

!! WARNING !!
"PYTHONPATH" variable is set greater than default max string limit of "519" characters.
Please ignore this, if you have already made changes to your system registry to accept more than
default limit of 519 characters.
!! WARNING !!


****** Vivado v2022.2 (64-bit)
  **** SW Build 3671981 on Fri Oct 14 05:00:03 MDT 2022
  **** IP Build 3669848 on Fri Oct 14 08:30:02 MDT 2022
    ** Copyright 1986-2022 Xilinx, Inc. All Rights Reserved.

source FR_LR_TOP.tcl -notrace
create_project: Time (s): cpu = 00:00:09 ; elapsed = 00:00:09 . Memory (MB): peak = 378.020 ; gain = 61.051
Command: read_checkpoint -auto_incremental -incremental C:/Users/3BE3DA/maga/1_sem/RPAOIiAS/lab/lab/lab.srcs/utils_1/imports/synth_1/FR_LR_TOP.dcp
INFO: [Vivado 12-5825] Read reference checkpoint from C:/Users/3BE3DA/maga/1_sem/RPAOIiAS/lab/lab/lab.srcs/utils_1/imports/synth_1/FR_LR_TOP.dcp for incremental synthesis
INFO: [Vivado 12-7989] Please ensure there are no constraint changes
Command: synth_design -top FR_LR_TOP -part xc7a100tcsg324-1
Starting synth_design
Attempting to get a license for feature 'Synthesis' and/or device 'xc7a100t'
INFO: [Common 17-349] Got license for feature 'Synthesis' and/or device 'xc7a100t'
INFO: [Device 21-403] Loading part xc7a100tcsg324-1
INFO: [Designutils 20-5440] No compile time benefit to using incremental synthesis; A full resynthesis will be run
INFO: [Designutils 20-4379] Flow is switching to default flow due to incremental criteria not met. If you would like to alter this behaviour and have the flow terminate instead, please set the following parameter config_implementation {autoIncr.Synth.RejectBehavior Terminate}
INFO: [Synth 8-7079] Multithreading enabled for synth_design using a maximum of 2 processes.
INFO: [Synth 8-7078] Launching helper process for spawning children vivado processes
INFO: [Synth 8-7075] Helper process launched with PID 3080
INFO: [Synth 8-11241] undeclared symbol 'REGCCE', assumed default net type 'wire' [C:/Users/3BE3DA/addForStudies/Xilinx_Windows_Unpacked_2022_2/Xilinx_Windows_Unpacked_2022_2/Vivado/2022.2/data/verilog/src/unimacro/BRAM_SINGLE_MACRO.v:2170]
INFO: [Synth 8-11241] undeclared symbol 'CE_1kHz', assumed default net type 'wire' [C:/Users/3BE3DA/maga/1_sem/RPAOIiAS/lab/lab/lab.srcs/sources_1/new/FR_LR_TOP.v:76]
---------------------------------------------------------------------------------
Starting RTL Elaboration : Time (s): cpu = 00:00:09 ; elapsed = 00:00:10 . Memory (MB): peak = 1207.352 ; gain = 408.477
---------------------------------------------------------------------------------
INFO: [Synth 8-6157] synthesizing module 'FR_LR_TOP' [C:/Users/3BE3DA/maga/1_sem/RPAOIiAS/lab/lab/lab.srcs/sources_1/new/FR_LR_TOP.v:23]
INFO: [Synth 8-6157] synthesizing module 'FR_DIVIDER' [C:/Users/3BE3DA/maga/1_sem/RPAOIiAS/lab/lab/lab.srcs/sources_1/new/FR_DIVIDER.v:23]
	Parameter DIVIDER bound to: 100000 - type: integer 
INFO: [Synth 8-6155] done synthesizing module 'FR_DIVIDER' (0#1) [C:/Users/3BE3DA/maga/1_sem/RPAOIiAS/lab/lab/lab.srcs/sources_1/new/FR_DIVIDER.v:23]
INFO: [Synth 8-6157] synthesizing module 'M_BTN_FILTER_V10' [C:/Users/3BE3DA/maga/1_sem/RPAOIiAS/lab/lab/lab.srcs/sources_1/new/M_BTN_FILTER_V10.v:23]
INFO: [Synth 8-6155] done synthesizing module 'M_BTN_FILTER_V10' (0#1) [C:/Users/3BE3DA/maga/1_sem/RPAOIiAS/lab/lab/lab.srcs/sources_1/new/M_BTN_FILTER_V10.v:23]
WARNING: [Synth 8-7071] port 'BTN_CEO' of module 'M_BTN_FILTER_V10' is unconnected for instance 'filt_btn0' [C:/Users/3BE3DA/maga/1_sem/RPAOIiAS/lab/lab/lab.srcs/sources_1/new/FR_LR_TOP.v:81]
WARNING: [Synth 8-7023] instance 'filt_btn0' of module 'M_BTN_FILTER_V10' has 6 connections declared, but only 5 given [C:/Users/3BE3DA/maga/1_sem/RPAOIiAS/lab/lab/lab.srcs/sources_1/new/FR_LR_TOP.v:81]
WARNING: [Synth 8-7071] port 'BTN_CEO' of module 'M_BTN_FILTER_V10' is unconnected for instance 'filt_btn1' [C:/Users/3BE3DA/maga/1_sem/RPAOIiAS/lab/lab/lab.srcs/sources_1/new/FR_LR_TOP.v:91]
WARNING: [Synth 8-7023] instance 'filt_btn1' of module 'M_BTN_FILTER_V10' has 6 connections declared, but only 5 given [C:/Users/3BE3DA/maga/1_sem/RPAOIiAS/lab/lab/lab.srcs/sources_1/new/FR_LR_TOP.v:91]
INFO: [Synth 8-6157] synthesizing module 'FR_GEN_ERR' [C:/Users/3BE3DA/maga/1_sem/RPAOIiAS/lab/lab/lab.srcs/sources_1/new/FR_GEN_ERR.v:23]
INFO: [Synth 8-6155] done synthesizing module 'FR_GEN_ERR' (0#1) [C:/Users/3BE3DA/maga/1_sem/RPAOIiAS/lab/lab/lab.srcs/sources_1/new/FR_GEN_ERR.v:23]
INFO: [Synth 8-6157] synthesizing module 'FR_UART' [C:/Users/3BE3DA/maga/1_sem/RPAOIiAS/lab/lab/lab.srcs/sources_1/new/FR_UART.v:23]
INFO: [Synth 8-6157] synthesizing module 'FR_DIVIDER__parameterized0' [C:/Users/3BE3DA/maga/1_sem/RPAOIiAS/lab/lab/lab.srcs/sources_1/new/FR_DIVIDER.v:23]
	Parameter DIVIDER bound to: 5208 - type: integer 
INFO: [Synth 8-6155] done synthesizing module 'FR_DIVIDER__parameterized0' (0#1) [C:/Users/3BE3DA/maga/1_sem/RPAOIiAS/lab/lab/lab.srcs/sources_1/new/FR_DIVIDER.v:23]
INFO: [Synth 8-155] case statement is not full and has no default [C:/Users/3BE3DA/maga/1_sem/RPAOIiAS/lab/lab/lab.srcs/sources_1/new/FR_UART.v:96]
INFO: [Synth 8-155] case statement is not full and has no default [C:/Users/3BE3DA/maga/1_sem/RPAOIiAS/lab/lab/lab.srcs/sources_1/new/FR_UART.v:176]
INFO: [Synth 8-6155] done synthesizing module 'FR_UART' (0#1) [C:/Users/3BE3DA/maga/1_sem/RPAOIiAS/lab/lab/lab.srcs/sources_1/new/FR_UART.v:23]
WARNING: [Synth 8-689] width (8) of port connection 'TX_RDY_T' does not match port width (1) of module 'FR_UART' [C:/Users/3BE3DA/maga/1_sem/RPAOIiAS/lab/lab/lab.srcs/sources_1/new/FR_LR_TOP.v:117]
INFO: [Synth 8-6157] synthesizing module 'FR_DC_ASCII_HEX' [C:/Users/3BE3DA/maga/1_sem/RPAOIiAS/lab/lab/lab.srcs/sources_1/new/FR_DC_ASCII_HEX.v:23]
INFO: [Synth 8-6155] done synthesizing module 'FR_DC_ASCII_HEX' (0#1) [C:/Users/3BE3DA/maga/1_sem/RPAOIiAS/lab/lab/lab.srcs/sources_1/new/FR_DC_ASCII_HEX.v:23]
INFO: [Synth 8-6157] synthesizing module 'FR_DC_HEX_ASCII' [C:/Users/3BE3DA/maga/1_sem/RPAOIiAS/lab/lab/lab.srcs/sources_1/new/FR_DC_HEX_ASCII.v:23]
INFO: [Synth 8-6155] done synthesizing module 'FR_DC_HEX_ASCII' (0#1) [C:/Users/3BE3DA/maga/1_sem/RPAOIiAS/lab/lab/lab.srcs/sources_1/new/FR_DC_HEX_ASCII.v:23]
INFO: [Synth 8-6157] synthesizing module 'FR_ROM' [C:/Users/3BE3DA/maga/1_sem/RPAOIiAS/lab/lab/lab.srcs/sources_1/new/FR_ROM.v:23]
INFO: [Synth 8-3876] $readmem data file 'ROM0.mem' is read successfully [C:/Users/3BE3DA/maga/1_sem/RPAOIiAS/lab/lab/lab.srcs/sources_1/new/FR_ROM.v:30]
INFO: [Synth 8-6155] done synthesizing module 'FR_ROM' (0#1) [C:/Users/3BE3DA/maga/1_sem/RPAOIiAS/lab/lab/lab.srcs/sources_1/new/FR_ROM.v:23]
INFO: [Synth 8-6157] synthesizing module 'FR_FSM' [C:/Users/3BE3DA/maga/1_sem/RPAOIiAS/lab/lab/lab.srcs/sources_1/new/FR_FSM.v:23]
INFO: [Synth 8-155] case statement is not full and has no default [C:/Users/3BE3DA/maga/1_sem/RPAOIiAS/lab/lab/lab.srcs/sources_1/new/FR_FSM.v:126]
INFO: [Synth 8-6155] done synthesizing module 'FR_FSM' (0#1) [C:/Users/3BE3DA/maga/1_sem/RPAOIiAS/lab/lab/lab.srcs/sources_1/new/FR_FSM.v:23]
WARNING: [Synth 8-689] width (8) of port connection 'TX_RDY_T' does not match port width (1) of module 'FR_FSM' [C:/Users/3BE3DA/maga/1_sem/RPAOIiAS/lab/lab/lab.srcs/sources_1/new/FR_LR_TOP.v:143]
INFO: [Synth 8-6155] done synthesizing module 'FR_LR_TOP' (0#1) [C:/Users/3BE3DA/maga/1_sem/RPAOIiAS/lab/lab/lab.srcs/sources_1/new/FR_LR_TOP.v:23]
---------------------------------------------------------------------------------
Finished RTL Elaboration : Time (s): cpu = 00:00:13 ; elapsed = 00:00:14 . Memory (MB): peak = 1302.773 ; gain = 503.898
---------------------------------------------------------------------------------
---------------------------------------------------------------------------------
Start Handling Custom Attributes
---------------------------------------------------------------------------------
---------------------------------------------------------------------------------
Finished Handling Custom Attributes : Time (s): cpu = 00:00:13 ; elapsed = 00:00:14 . Memory (MB): peak = 1302.773 ; gain = 503.898
---------------------------------------------------------------------------------
---------------------------------------------------------------------------------
Finished RTL Optimization Phase 1 : Time (s): cpu = 00:00:13 ; elapsed = 00:00:14 . Memory (MB): peak = 1302.773 ; gain = 503.898
---------------------------------------------------------------------------------
Netlist sorting complete. Time (s): cpu = 00:00:00 ; elapsed = 00:00:00.018 . Memory (MB): peak = 1302.773 ; gain = 0.000
INFO: [Project 1-570] Preparing netlist for logic optimization

Processing XDC Constraints
Initializing timing engine
Parsing XDC File [C:/Users/3BE3DA/maga/1_sem/RPAOIiAS/lab/Nexys-A7-100T-Master.xdc]
Finished Parsing XDC File [C:/Users/3BE3DA/maga/1_sem/RPAOIiAS/lab/Nexys-A7-100T-Master.xdc]
INFO: [Project 1-236] Implementation specific constraints were found while reading constraint file [C:/Users/3BE3DA/maga/1_sem/RPAOIiAS/lab/Nexys-A7-100T-Master.xdc]. These constraints will be ignored for synthesis but will be used in implementation. Impacted constraints are listed in the file [.Xil/FR_LR_TOP_propImpl.xdc].
Resolution: To avoid this warning, move constraints listed in [.Xil/FR_LR_TOP_propImpl.xdc] to another XDC file and exclude this new file from synthesis with the used_in_synthesis property (File Properties dialog in GUI) and re-run elaboration/synthesis.
Completed Processing XDC Constraints

Netlist sorting complete. Time (s): cpu = 00:00:00 ; elapsed = 00:00:00 . Memory (MB): peak = 1415.426 ; gain = 0.000
INFO: [Project 1-111] Unisim Transformation Summary:
No Unisim elements were transformed.

Constraint Validation Runtime : Time (s): cpu = 00:00:00 ; elapsed = 00:00:00.007 . Memory (MB): peak = 1415.426 ; gain = 0.000
INFO: [Designutils 20-5440] No compile time benefit to using incremental synthesis; A full resynthesis will be run
INFO: [Designutils 20-4379] Flow is switching to default flow due to incremental criteria not met. If you would like to alter this behaviour and have the flow terminate instead, please set the following parameter config_implementation {autoIncr.Synth.RejectBehavior Terminate}
INFO: [Synth 8-11241] undeclared symbol 'REGCCE', assumed default net type 'wire' [C:/Users/3BE3DA/addForStudies/Xilinx_Windows_Unpacked_2022_2/Xilinx_Windows_Unpacked_2022_2/Vivado/2022.2/data/verilog/src/unimacro/BRAM_SINGLE_MACRO.v:2170]
---------------------------------------------------------------------------------
Finished Constraint Validation : Time (s): cpu = 00:00:27 ; elapsed = 00:00:29 . Memory (MB): peak = 1415.426 ; gain = 616.551
---------------------------------------------------------------------------------
---------------------------------------------------------------------------------
Start Loading Part and Timing Information
---------------------------------------------------------------------------------
Loading part: xc7a100tcsg324-1
---------------------------------------------------------------------------------
Finished Loading Part and Timing Information : Time (s): cpu = 00:00:27 ; elapsed = 00:00:29 . Memory (MB): peak = 1415.426 ; gain = 616.551
---------------------------------------------------------------------------------
---------------------------------------------------------------------------------
Start Applying 'set_property' XDC Constraints
---------------------------------------------------------------------------------
---------------------------------------------------------------------------------
Finished applying 'set_property' XDC Constraints : Time (s): cpu = 00:00:27 ; elapsed = 00:00:29 . Memory (MB): peak = 1415.426 ; gain = 616.551
---------------------------------------------------------------------------------
INFO: [Synth 8-802] inferred FSM for state register 'RX_STATE_reg' in module 'FR_UART'
INFO: [Synth 8-802] inferred FSM for state register 'TX_STATE_reg' in module 'FR_UART'
INFO: [Synth 8-802] inferred FSM for state register 'STATE_reg' in module 'FR_FSM'
---------------------------------------------------------------------------------------------------
                   State |                     New Encoding |                Previous Encoding 
---------------------------------------------------------------------------------------------------
                    IDLE |                              000 |                              000
                     WCE |                              001 |                              001
                   TSTRB |                              010 |                              010
                     TDT |                              011 |                              011
                   TPARB |                              100 |                              100
                   TSTB1 |                              101 |                              101
                   TSTB2 |                              110 |                              110
---------------------------------------------------------------------------------------------------
INFO: [Synth 8-3354] encoded FSM with state register 'TX_STATE_reg' using encoding 'sequential' in module 'FR_UART'
---------------------------------------------------------------------------------------------------
                   State |                     New Encoding |                Previous Encoding 
---------------------------------------------------------------------------------------------------
                    IDLE |                              000 |                              000
                   RSTRB |                              001 |                              001
                     RDT |                              010 |                              010
                   RPARB |                              011 |                              011
                   RSTB1 |                              100 |                              100
                   RSTB2 |                              101 |                              101
                    WEND |                              110 |                              110
---------------------------------------------------------------------------------------------------
INFO: [Synth 8-3354] encoded FSM with state register 'RX_STATE_reg' using encoding 'sequential' in module 'FR_UART'
---------------------------------------------------------------------------------------------------
                   State |                     New Encoding |                Previous Encoding 
---------------------------------------------------------------------------------------------------
                    IDLE |                             0000 |                             0000
                     RDT |                             0001 |                             0001
                     RCR |                             0010 |                             0010
                     RLF |                             0011 |                             0011
                    TRES |                             0100 |                             0100
                    TMEM |                             0101 |                             0101
                     TDT |                             0110 |                             0110
                     TCR |                             0111 |                             0111
                     TLF |                             1000 |                             1000
---------------------------------------------------------------------------------------------------
INFO: [Synth 8-3354] encoded FSM with state register 'STATE_reg' using encoding 'sequential' in module 'FR_FSM'
---------------------------------------------------------------------------------
Finished RTL Optimization Phase 2 : Time (s): cpu = 00:00:29 ; elapsed = 00:00:30 . Memory (MB): peak = 1415.426 ; gain = 616.551
---------------------------------------------------------------------------------
---------------------------------------------------------------------------------
Start RTL Component Statistics 
---------------------------------------------------------------------------------
Detailed RTL Component Info : 
+---Adders : 
	   2 Input   17 Bit       Adders := 1     
	   2 Input   13 Bit       Adders := 1     
	   2 Input    8 Bit       Adders := 1     
	   2 Input    7 Bit       Adders := 1     
	   2 Input    5 Bit       Adders := 1     
	   2 Input    4 Bit       Adders := 5     
	   2 Input    3 Bit       Adders := 2     
+---XORs : 
	   2 Input      1 Bit         XORs := 4     
+---Registers : 
	               36 Bit    Registers := 1     
	               17 Bit    Registers := 1     
	               13 Bit    Registers := 1     
	               10 Bit    Registers := 1     
	                8 Bit    Registers := 2     
	                7 Bit    Registers := 2     
	                5 Bit    Registers := 1     
	                4 Bit    Registers := 5     
	                3 Bit    Registers := 4     
	                1 Bit    Registers := 18    
+---Muxes : 
	   9 Input   36 Bit        Muxes := 1     
	   2 Input   17 Bit        Muxes := 1     
	   2 Input   13 Bit        Muxes := 1     
	   7 Input   10 Bit        Muxes := 2     
	   7 Input    8 Bit        Muxes := 1     
	   2 Input    8 Bit        Muxes := 3     
	   9 Input    8 Bit        Muxes := 1     
	   4 Input    7 Bit        Muxes := 1     
	   2 Input    7 Bit        Muxes := 3     
	   9 Input    7 Bit        Muxes := 2     
	   4 Input    6 Bit        Muxes := 1     
	   2 Input    6 Bit        Muxes := 3     
	   2 Input    5 Bit        Muxes := 2     
	   9 Input    5 Bit        Muxes := 1     
	   2 Input    4 Bit        Muxes := 11    
	  17 Input    4 Bit        Muxes := 1     
	   9 Input    4 Bit        Muxes := 2     
	   7 Input    3 Bit        Muxes := 2     
	   2 Input    3 Bit        Muxes := 4     
	   2 Input    1 Bit        Muxes := 14    
	   7 Input    1 Bit        Muxes := 15    
	  17 Input    1 Bit        Muxes := 1     
	   3 Input    1 Bit        Muxes := 1     
	   9 Input    1 Bit        Muxes := 11    
---------------------------------------------------------------------------------
Finished RTL Component Statistics 
---------------------------------------------------------------------------------
---------------------------------------------------------------------------------
Start Part Resource Summary
---------------------------------------------------------------------------------
Part Resources:
DSPs: 240 (col length:80)
BRAMs: 270 (col length: RAMB18 80 RAMB36 40)
---------------------------------------------------------------------------------
Finished Part Resource Summary
---------------------------------------------------------------------------------
---------------------------------------------------------------------------------
Start Cross Boundary and Area Optimization
---------------------------------------------------------------------------------
WARNING: [Synth 8-7080] Parallel synthesis criteria is not met
Why this net has no driver: _order_recur <const0>
---------------------------------------------------------------------------------
Finished Cross Boundary and Area Optimization : Time (s): cpu = 00:00:35 ; elapsed = 00:00:37 . Memory (MB): peak = 1415.426 ; gain = 616.551
---------------------------------------------------------------------------------
---------------------------------------------------------------------------------
Start ROM, RAM, DSP, Shift Register and Retiming Reporting
---------------------------------------------------------------------------------

ROM: Preliminary Mapping Report
+------------+------------+---------------+----------------+
|Module Name | RTL Object | Depth x Width | Implemented As | 
+------------+------------+---------------+----------------+
|FR_ROM      | ROM        | 128x8         | LUT            | 
|FR_LR_TOP   | p_0_out    | 128x8         | LUT            | 
+------------+------------+---------------+----------------+

---------------------------------------------------------------------------------
Finished ROM, RAM, DSP, Shift Register and Retiming Reporting
---------------------------------------------------------------------------------
---------------------------------------------------------------------------------
Start Applying XDC Timing Constraints
---------------------------------------------------------------------------------
---------------------------------------------------------------------------------
Finished Applying XDC Timing Constraints : Time (s): cpu = 00:00:44 ; elapsed = 00:00:46 . Memory (MB): peak = 1415.426 ; gain = 616.551
---------------------------------------------------------------------------------
---------------------------------------------------------------------------------
Start Timing Optimization
---------------------------------------------------------------------------------
---------------------------------------------------------------------------------
Finished Timing Optimization : Time (s): cpu = 00:00:46 ; elapsed = 00:00:48 . Memory (MB): peak = 1415.426 ; gain = 616.551
---------------------------------------------------------------------------------
---------------------------------------------------------------------------------
Start Technology Mapping
---------------------------------------------------------------------------------
---------------------------------------------------------------------------------
Finished Technology Mapping : Time (s): cpu = 00:00:47 ; elapsed = 00:00:49 . Memory (MB): peak = 1415.426 ; gain = 616.551
---------------------------------------------------------------------------------
---------------------------------------------------------------------------------
Start IO Insertion
---------------------------------------------------------------------------------
---------------------------------------------------------------------------------
Start Flattening Before IO Insertion
---------------------------------------------------------------------------------
---------------------------------------------------------------------------------
Finished Flattening Before IO Insertion
---------------------------------------------------------------------------------
---------------------------------------------------------------------------------
Start Final Netlist Cleanup
---------------------------------------------------------------------------------
---------------------------------------------------------------------------------
Finished Final Netlist Cleanup
---------------------------------------------------------------------------------
---------------------------------------------------------------------------------
Finished IO Insertion : Time (s): cpu = 00:00:56 ; elapsed = 00:00:58 . Memory (MB): peak = 1415.426 ; gain = 616.551
---------------------------------------------------------------------------------
---------------------------------------------------------------------------------
Start Renaming Generated Instances
---------------------------------------------------------------------------------
---------------------------------------------------------------------------------
Finished Renaming Generated Instances : Time (s): cpu = 00:00:56 ; elapsed = 00:00:58 . Memory (MB): peak = 1415.426 ; gain = 616.551
---------------------------------------------------------------------------------
---------------------------------------------------------------------------------
Start Rebuilding User Hierarchy
---------------------------------------------------------------------------------
---------------------------------------------------------------------------------
Finished Rebuilding User Hierarchy : Time (s): cpu = 00:00:56 ; elapsed = 00:00:58 . Memory (MB): peak = 1415.426 ; gain = 616.551
---------------------------------------------------------------------------------
---------------------------------------------------------------------------------
Start Renaming Generated Ports
---------------------------------------------------------------------------------
---------------------------------------------------------------------------------
Finished Renaming Generated Ports : Time (s): cpu = 00:00:56 ; elapsed = 00:00:58 . Memory (MB): peak = 1415.426 ; gain = 616.551
---------------------------------------------------------------------------------
---------------------------------------------------------------------------------
Start Handling Custom Attributes
---------------------------------------------------------------------------------
---------------------------------------------------------------------------------
Finished Handling Custom Attributes : Time (s): cpu = 00:00:56 ; elapsed = 00:00:58 . Memory (MB): peak = 1415.426 ; gain = 616.551
---------------------------------------------------------------------------------
---------------------------------------------------------------------------------
Start Renaming Generated Nets
---------------------------------------------------------------------------------
---------------------------------------------------------------------------------
Finished Renaming Generated Nets : Time (s): cpu = 00:00:56 ; elapsed = 00:00:58 . Memory (MB): peak = 1415.426 ; gain = 616.551
---------------------------------------------------------------------------------
---------------------------------------------------------------------------------
Start Writing Synthesis Report
---------------------------------------------------------------------------------

Report BlackBoxes: 
+-+--------------+----------+
| |BlackBox name |Instances |
+-+--------------+----------+
+-+--------------+----------+

Report Cell Usage: 
+------+-------+------+
|      |Cell   |Count |
+------+-------+------+
|1     |BUFG   |     1|
|2     |CARRY4 |    24|
|3     |LUT1   |     6|
|4     |LUT2   |   103|
|5     |LUT3   |    26|
|6     |LUT4   |    32|
|7     |LUT5   |    48|
|8     |LUT6   |   111|
|9     |MUXF7  |    13|
|10    |FDCE   |   165|
|11    |FDPE   |    76|
|12    |IBUF   |     5|
|13    |OBUF   |     1|
+------+-------+------+
---------------------------------------------------------------------------------
Finished Writing Synthesis Report : Time (s): cpu = 00:00:56 ; elapsed = 00:00:58 . Memory (MB): peak = 1415.426 ; gain = 616.551
---------------------------------------------------------------------------------
Synthesis finished with 0 errors, 0 critical warnings and 1 warnings.
Synthesis Optimization Runtime : Time (s): cpu = 00:00:39 ; elapsed = 00:00:54 . Memory (MB): peak = 1415.426 ; gain = 503.898
Synthesis Optimization Complete : Time (s): cpu = 00:00:56 ; elapsed = 00:00:58 . Memory (MB): peak = 1415.426 ; gain = 616.551
INFO: [Project 1-571] Translating synthesized netlist
Netlist sorting complete. Time (s): cpu = 00:00:00 ; elapsed = 00:00:00.014 . Memory (MB): peak = 1415.426 ; gain = 0.000
INFO: [Netlist 29-17] Analyzing 37 Unisim elements for replacement
INFO: [Netlist 29-28] Unisim Transformation completed in 0 CPU seconds
INFO: [Project 1-570] Preparing netlist for logic optimization
INFO: [Opt 31-138] Pushed 0 inverter(s) to 0 load pin(s).
Netlist sorting complete. Time (s): cpu = 00:00:00 ; elapsed = 00:00:00 . Memory (MB): peak = 1415.426 ; gain = 0.000
INFO: [Project 1-111] Unisim Transformation Summary:
No Unisim elements were transformed.

Synth Design complete, checksum: 47756853
INFO: [Common 17-83] Releasing license: Synthesis
54 Infos, 7 Warnings, 0 Critical Warnings and 0 Errors encountered.
synth_design completed successfully
synth_design: Time (s): cpu = 00:01:05 ; elapsed = 00:01:08 . Memory (MB): peak = 1415.426 ; gain = 1012.512
INFO: [Common 17-1381] The checkpoint 'C:/Users/3BE3DA/maga/1_sem/RPAOIiAS/lab/lab/lab.runs/synth_1/FR_LR_TOP.dcp' has been generated.
INFO: [runtcl-4] Executing : report_utilization -file FR_LR_TOP_utilization_synth.rpt -pb FR_LR_TOP_utilization_synth.pb
INFO: [Common 17-206] Exiting Vivado at Sat Dec 27 17:06:43 2025...
