Copyright 1986-2022 Xilinx, Inc. All Rights Reserved.
--------------------------------------------------------------------------------------
| Tool Version : Vivado v.2022.2 (win64) Build 3671981 Fri Oct 14 05:00:03 MDT 2022
| Date         : Sat Dec 27 17:08:07 2025
| Host         : DESKTOP-C8TK0HP running 64-bit major release  (build 9200)
| Command      : report_control_sets -verbose -file FR_LR_TOP_control_sets_placed.rpt
| Design       : FR_LR_TOP
| Device       : xc7a100t
--------------------------------------------------------------------------------------

Control Set Information

Table of Contents
-----------------
1. Summary
2. Histogram
3. Flip-Flop Distribution
4. Detailed Control Set Information

1. Summary
----------

+----------------------------------------------------------+-------+
|                          Status                          | Count |
+----------------------------------------------------------+-------+
| Total control sets                                       |    16 |
|    Minimum number of control sets                        |    16 |
|    Addition due to synthesis replication                 |     0 |
|    Addition due to physical synthesis replication        |     0 |
| Unused register locations in slices containing registers |    55 |
+----------------------------------------------------------+-------+
* Control sets can be merged at opt_design using control_set_merge or merge_equivalent_drivers
** Run report_qor_suggestions for automated merging and remapping suggestions


2. Histogram
------------

+--------------------+-------+
|       Fanout       | Count |
+--------------------+-------+
| Total control sets |    16 |
| >= 0 to < 4        |     2 |
| >= 4 to < 6        |     6 |
| >= 6 to < 8        |     3 |
| >= 8 to < 10       |     0 |
| >= 10 to < 12      |     1 |
| >= 12 to < 14      |     0 |
| >= 14 to < 16      |     1 |
| >= 16              |     3 |
+--------------------+-------+
* Control sets can be remapped at either synth_design or opt_design


3. Flip-Flop Distribution
-------------------------

+--------------+-----------------------+------------------------+-----------------+--------------+
| Clock Enable | Synchronous Set/Reset | Asynchronous Set/Reset | Total Registers | Total Slices |
+--------------+-----------------------+------------------------+-----------------+--------------+
| No           | No                    | No                     |               0 |            0 |
| No           | No                    | Yes                    |              61 |           19 |
| No           | Yes                   | No                     |               0 |            0 |
| Yes          | No                    | No                     |               0 |            0 |
| Yes          | No                    | Yes                    |             180 |           52 |
| Yes          | Yes                   | No                     |               0 |            0 |
+--------------+-----------------------+------------------------+-----------------+--------------+


4. Detailed Control Set Information
-----------------------------------

+----------------+------------------------------------------------+---------------------+------------------+----------------+--------------+
|  Clock Signal  |                  Enable Signal                 |   Set/Reset Signal  | Slice Load Count | Bel Load Count | Bels / Slice |
+----------------+------------------------------------------------+---------------------+------------------+----------------+--------------+
|  CLK_IBUF_BUFG | uart/div1khz/FSM_sequential_TX_STATE_reg[1]    | RST                 |                1 |              1 |         1.00 |
|  CLK_IBUF_BUFG |                                                | RST_SYNC[2]_i_1_n_0 |                1 |              3 |         3.00 |
|  CLK_IBUF_BUFG | uart/div1khz/CEO_reg_0[0]                      | RST                 |                1 |              4 |         4.00 |
|  CLK_IBUF_BUFG | uart/div1khz/E[0]                              | RST                 |                1 |              4 |         4.00 |
|  CLK_IBUF_BUFG | filt_btn0/FLTR_CNT[3]_i_1_n_0                  | RST                 |                1 |              4 |         4.00 |
|  CLK_IBUF_BUFG | filt_btn1/FLTR_CNT[3]_i_1__0_n_0               | RST                 |                1 |              4 |         4.00 |
|  CLK_IBUF_BUFG | fr_fsm/FSM_sequential_STATE[3]_i_1_n_0         | RST                 |                2 |              4 |         2.00 |
|  CLK_IBUF_BUFG | fr_fsm/RES_CT[4]_i_1_n_0                       | RST                 |                2 |              5 |         2.50 |
|  CLK_IBUF_BUFG | uart/div1khz/FSM_sequential_TX_STATE_reg[0][0] | RST                 |                1 |              7 |         7.00 |
|  CLK_IBUF_BUFG | uart/E[0]                                      | RST                 |                2 |              7 |         3.50 |
|  CLK_IBUF_BUFG | fr_fsm/TX_DATA_T[6]_i_1_n_0                    | RST                 |                4 |              7 |         1.75 |
|  CLK_IBUF_BUFG | uart/div1khz/RX_SAMP_CT_reg[3][0]              | RST                 |                4 |             11 |         2.75 |
|  CLK_IBUF_BUFG | fr_fsm/ADDR_rep[6]_i_1_n_0                     | RST                 |                5 |             14 |         2.80 |
|  CLK_IBUF_BUFG | fr_fsm/DATA_REG[35]_i_1_n_0                    | RST                 |               10 |             40 |         4.00 |
|  CLK_IBUF_BUFG |                                                | RST                 |               18 |             58 |         3.22 |
|  CLK_IBUF_BUFG | fr_fsm/RES_REG                                 | RST                 |               17 |             68 |         4.00 |
+----------------+------------------------------------------------+---------------------+------------------+----------------+--------------+


